RAM Allocation [bytes]
Variable                                                                          Address   Size
------------------------------------------------------------------------------------------------
rx_buffer0                                                                        0x0500      48
tx_buffer0                                                                        0x0530      48

EEPROM Allocation [bytes]
Variable                                                                          Address   Size
------------------------------------------------------------------------------------------------

Register Allocation
Variable                                                                          Register  Size
------------------------------------------------------------------------------------------------
E                                                                                 R5           1
rx_wr_index0                                                                      R4           1
rx_rd_index0                                                                      R7           1
rx_counter0                                                                       R6           1
rx_buffer_overflow0                                                               R2.0      1bit
tx_wr_index0                                                                      R9           1
tx_rd_index0                                                                      R8           1
tx_counter0                                                                       R11          1
adc_data                                                                          R12,R13      2

FLASH Allocation [words]
Function                                                                          Address   Size
------------------------------------------------------------------------------------------------
MBL                                                                               0x0008A      4
MBR                                                                               0x0008E      4
MFL                                                                               0x00092      4
MFR                                                                               0x00096      4
usart0_rx_isr                                                                     0x0009A     31
usart0_tx_isr                                                                     0x000B9     23
adc_isr                                                                           0x000D0      3
main                                                                              0x000D3    111
